	08:48:31	Programa iniciat
	08:48:32	Conexio base de dades
	08:48:32	Formulari de validació iniciat
	08:48:32	Obrint formulari Validacio
	08:48:40	Intent de validació de l'usuari: Pau
	08:48:42	Validació correcta amb rol esportista
	08:48:42	Omplint taula entrenaments
	08:48:42	Carreguem id tipus esport
	08:48:42	Carreguem id tipus esport
	08:48:42	Carreguem id tipus esport
	08:48:42	Carreguem id tipus esport
	08:48:42	Carreguem id tipus esport
	08:48:42	Carraguem Intensitats
	08:48:42	Carraguem Intensitats
	08:48:42	Carraguem Intensitats
	08:48:42	Obrin formulari rol esportista
	08:48:42	Tancant formulari de validació
	08:50:31	Programa iniciat
	08:50:32	Conexio base de dades
	08:50:32	Formulari de validació iniciat
	08:50:32	Obrint formulari Validacio
	08:50:41	Intent de validació de l'usuari: Pau
	08:50:43	Validació correcta amb rol esportista
	08:50:43	Omplint taula entrenaments
	08:50:43	Carreguem id tipus esport
	08:50:43	Carreguem id tipus esport
	08:50:43	Carreguem id tipus esport
	08:50:43	Carreguem id tipus esport
	08:50:43	Carreguem id tipus esport
	08:50:44	Carraguem Intensitats
	08:50:44	Carraguem Intensitats
	08:50:44	Carraguem Intensitats
	08:50:44	Obrin formulari rol esportista
	08:50:44	Tancant formulari de validació
	08:52:20	Programa iniciat
	08:52:21	Conexio base de dades
	08:52:21	Formulari de validació iniciat
	08:52:21	Obrint formulari Validacio
	08:52:29	Intent de validació de l'usuari: Pau
	08:52:30	Validació correcta amb rol esportista
	08:52:30	Omplint taula entrenaments
	08:52:30	Carreguem id tipus esport
	08:52:30	Carreguem id tipus esport
	08:52:30	Carreguem id tipus esport
	08:52:30	Carreguem id tipus esport
	08:52:30	Carreguem id tipus esport
	08:52:30	Carraguem Intensitats
	08:52:30	Carraguem Intensitats
	08:52:30	Carraguem Intensitats
	08:52:30	Obrin formulari rol esportista
	08:52:30	Tancant formulari de validació
	08:53:25	Programa iniciat
	08:53:25	Conexio base de dades
	08:53:25	Formulari de validació iniciat
	08:53:25	Obrint formulari Validacio
	08:53:32	Intent de validació de l'usuari: Pau
	08:53:33	Validació correcta amb rol esportista
	08:53:34	Omplint taula entrenaments
	08:53:34	Carreguem tipus esport
	08:53:34	Carreguem tipus esport
	08:53:34	Carreguem tipus esport
	08:53:34	Carreguem tipus esport
	08:53:34	Carreguem tipus esport
	08:53:34	Carraguem Intensitats
	08:53:34	Carraguem Intensitats
	08:53:34	Carraguem Intensitats
	08:53:34	Obrin formulari rol esportista
	08:53:34	Tancant formulari de validació
	08:55:12	Programa iniciat
	08:55:12	Conexio base de dades
	08:55:13	Formulari de validació iniciat
	08:55:13	Obrint formulari Validacio
	08:55:18	Intent de validació de l'usuari: Pau
	08:55:20	Validació correcta amb rol esportista
	08:55:20	Carreguem tipus esport
	08:55:20	Carreguem tipus esport
	08:55:20	Carreguem tipus esport
	08:55:20	Carreguem tipus esport
	08:55:20	Carreguem tipus esport
	08:55:20	Carraguem Intensitats
	08:55:20	Carraguem Intensitats
	08:55:20	Carraguem Intensitats
	08:55:20	Omplint taula entrenaments
	08:55:20	Obrin formulari rol esportista
	08:55:20	Tancant formulari de validació
	08:58:51	Programa iniciat
	08:58:52	Conexio base de dades
	08:58:52	Formulari de validació iniciat
	08:58:52	Obrint formulari Validacio
	08:59:00	Intent de validació de l'usuari: Pau
	08:59:02	Validació correcta amb rol esportista
	08:59:02	Carreguem tipus esport
	08:59:02	Carreguem tipus esport
	08:59:02	Carreguem tipus esport
	08:59:02	Carreguem tipus esport
	08:59:02	Carreguem tipus esport
	08:59:02	Carraguem Intensitats
	08:59:02	Carraguem Intensitats
	08:59:02	Carraguem Intensitats
	08:59:02	Omplint taula entrenaments
	08:59:02	Obrin formulari rol esportista
	08:59:02	Tancant formulari de validació
	08:59:04	Carreguem tipus esport
	08:59:04	Carreguem tipus esport
	08:59:04	Carreguem tipus esport
	08:59:04	Carreguem tipus esport
	08:59:04	Carreguem tipus esport
	08:59:04	carreguem les intensitats al combo box
	08:59:04	carreguem les intensitats al combo box
	08:59:04	carreguem les intensitats al combo box
	08:59:04	Omplint taula entrenaments
	08:59:04	Obrin formulari entrenaments
