	12:39:05	Programa iniciat
	12:39:06	Conexio base de dades
	12:39:06	Obrint formulari Validacio
	12:39:18	Validacio usuari esportista
	12:39:18	Omplint taula entrenaments
	12:39:18	Carreguem id tipus esport
	12:39:18	Carreguem id tipus esport
	12:39:18	Carreguem id tipus esport
	12:39:18	Carreguem id tipus esport
	12:39:18	Carreguem id tipus esport
	12:39:18	Carraguem Intensitats
	12:39:18	Carraguem Intensitats
	12:39:18	Carraguem Intensitats
	12:39:18	Obrin formulari rol esportista
	19:31:03	Programa iniciat
	19:31:03	Conexio base de dades
	19:31:03	Formulari de validació iniciat
	19:31:04	Obrint formulari Validacio
	19:31:10	Intent de validació de l'usuari: Pau
	19:31:12	Validació correcta amb rol esportista
	19:31:12	Omplint taula entrenaments
	19:31:12	Carreguem id tipus esport
	19:31:12	Carreguem id tipus esport
	19:31:12	Carreguem id tipus esport
	19:31:12	Carreguem id tipus esport
	19:31:12	Carreguem id tipus esport
	19:31:12	Carraguem Intensitats
	19:31:12	Carraguem Intensitats
	19:31:12	Carraguem Intensitats
	19:31:12	Obrin formulari rol esportista
	21:28:07	Programa iniciat
	21:28:08	Conexio base de dades
	21:28:08	Formulari de validació iniciat
	21:28:08	Obrint formulari Validacio
	21:28:17	Intent de validació de l'usuari: Pau
	21:28:19	Validació correcta amb rol esportista
	21:28:19	Omplint taula entrenaments
	21:28:19	Carreguem id tipus esport
	21:28:19	Carreguem id tipus esport
	21:28:19	Carreguem id tipus esport
	21:28:19	Carreguem id tipus esport
	21:28:19	Carreguem id tipus esport
	21:28:19	Carraguem Intensitats
	21:28:19	Carraguem Intensitats
	21:28:19	Carraguem Intensitats
	21:28:19	Obrin formulari rol esportista
	21:28:19	Tancant formulari de validació
	21:31:11	Programa iniciat
	21:31:11	Conexio base de dades
	21:31:12	Formulari de validació iniciat
	21:31:12	Obrint formulari Validacio
	21:31:22	Intent de validació de l'usuari: Pau
	21:31:24	Validació correcta amb rol esportista
	21:31:24	Omplint taula entrenaments
	21:31:24	Carreguem id tipus esport
	21:31:24	Carreguem id tipus esport
	21:31:24	Carreguem id tipus esport
	21:31:24	Carreguem id tipus esport
	21:31:24	Carreguem id tipus esport
	21:31:24	Carraguem Intensitats
	21:31:24	Carraguem Intensitats
	21:31:24	Carraguem Intensitats
	21:31:24	Obrin formulari rol esportista
	21:31:24	Tancant formulari de validació
	21:32:52	Programa iniciat
	21:32:53	Conexio base de dades
	21:32:53	Formulari de validació iniciat
	21:32:53	Obrint formulari Validacio
	21:33:00	Intent de validació de l'usuari: Pau
	21:33:02	Validació correcta amb rol esportista
	21:33:02	Omplint taula entrenaments
	21:33:03	Carreguem id tipus esport
	21:33:03	Carreguem id tipus esport
	21:33:03	Carreguem id tipus esport
	21:33:03	Carreguem id tipus esport
	21:33:03	Carreguem id tipus esport
	21:33:03	Carraguem Intensitats
	21:33:03	Carraguem Intensitats
	21:33:03	Carraguem Intensitats
	21:33:03	Obrin formulari rol esportista
	21:33:03	Tancant formulari de validació
	21:35:43	Programa iniciat
	21:35:43	Conexio base de dades
	21:35:44	Formulari de validació iniciat
	21:35:44	Obrint formulari Validacio
	21:35:50	Intent de validació de l'usuari: Pau
	21:35:52	Validació correcta amb rol esportista
	21:35:52	Omplint taula entrenaments
	21:35:53	Carreguem id tipus esport
	21:35:53	Carreguem id tipus esport
	21:35:53	Carreguem id tipus esport
	21:35:53	Carreguem id tipus esport
	21:35:53	Carreguem id tipus esport
	21:35:53	Carraguem Intensitats
	21:35:53	Carraguem Intensitats
	21:35:53	Carraguem Intensitats
	21:35:53	Obrin formulari rol esportista
	21:35:53	Tancant formulari de validació
	21:36:24	Programa iniciat
	21:36:25	Conexio base de dades
	21:36:25	Formulari de validació iniciat
	21:36:25	Obrint formulari Validacio
	21:36:32	Intent de validació de l'usuari: Pau
	21:36:33	Validació correcta amb rol esportista
	21:36:34	Omplint taula entrenaments
	21:36:34	Carreguem id tipus esport
	21:36:34	Carreguem id tipus esport
	21:36:34	Carreguem id tipus esport
	21:36:34	Carreguem id tipus esport
	21:36:34	Carreguem id tipus esport
	21:36:34	Carraguem Intensitats
	21:36:34	Carraguem Intensitats
	21:36:34	Carraguem Intensitats
	21:36:34	Obrin formulari rol esportista
	21:36:34	Tancant formulari de validació
