	18:31:15	Programa iniciat
	18:31:15	Conexio base de dades
	18:31:16	Formulari de validació iniciat
	18:31:16	Obrint formulari Validacio
	18:33:54	Programa iniciat
	18:33:54	Conexio base de dades
	18:33:54	Formulari de validació iniciat
	18:33:54	Obrint formulari Validacio
	18:34:03	Intent de validació de l'usuari: Pau
	18:34:05	Validació correcta amb rol esportista
	18:34:06	Carreguem tipus esport
	18:34:06	Carreguem tipus esport
	18:34:06	Carreguem tipus esport
	18:34:06	Carreguem tipus esport
	18:34:06	Carreguem tipus esport
	18:34:06	Carraguem Intensitats
	18:34:06	Carraguem Intensitats
	18:34:06	Carraguem Intensitats
	18:34:06	Omplint taula entrenaments
	18:34:06	Obrin formulari rol esportista
	18:34:06	Tancant formulari de validació
	18:42:08	Programa iniciat
	18:42:09	Conexio base de dades
	18:42:09	Formulari de validació iniciat
	18:42:09	Obrint formulari Validacio
	18:42:23	Intent de validació de l'usuari: Pau
	18:42:26	Carreguem tipus esport
	18:42:26	Carreguem tipus esport
	18:42:26	Carreguem tipus esport
	18:42:26	Carreguem tipus esport
	18:42:26	Carreguem tipus esport
	18:42:26	Carraguem Intensitats
	18:42:26	Carraguem Intensitats
	18:42:26	Carraguem Intensitats
	18:42:26	Omplint taula entrenaments
	18:45:21	Programa iniciat
	18:45:21	Conexio base de dades
	18:45:21	Formulari de validació iniciat
	18:45:21	Obrint formulari Validacio
	18:45:31	Intent de validació de l'usuari: Pau
	18:45:32	Carreguem tipus esport
	18:45:32	Carreguem tipus esport
	18:45:32	Carreguem tipus esport
	18:45:32	Carreguem tipus esport
	18:45:32	Carreguem tipus esport
	18:45:32	Carreguem intensitats
	18:45:32	Carreguem intensitats
	18:45:32	Carreguem intensitats
	18:45:32	Omplint taula entrenaments
	18:45:55	Omplint taula entrenaments
	18:45:57	Omplint taula entrenaments
	18:45:57	Filtratge cancelÂ·lat
	18:46:01	Omplint taula entrenaments
	18:46:03	Omplint taula entrenaments
	18:46:10	Omplint taula entrenaments
	18:46:13	Omplint taula entrenaments
	18:46:13	Filtratge cancelÂ·lat
	18:48:25	Programa iniciat
	18:48:26	Conexio base de dades
	18:48:26	Formulari de validació iniciat
	18:48:26	Obrint formulari Validacio
	18:48:33	Intent de validació de l'usuari: Pau
	18:48:35	Carreguem tipus esport
	18:48:35	Carreguem tipus esport
	18:48:35	Carreguem tipus esport
	18:48:35	Carreguem tipus esport
	18:48:35	Carreguem tipus esport
	18:48:35	Carreguem intensitats
	18:48:35	Carreguem intensitats
	18:48:35	Carreguem intensitats
	18:48:35	Omplint taula entrenaments
	18:48:43	Carreguem tipus esport
	18:48:43	Carreguem tipus esport
	18:48:43	Carreguem tipus esport
	18:48:43	Carreguem tipus esport
	18:48:43	Carreguem tipus esport
	18:48:43	Carreguem intensitats
	18:48:43	Carreguem intensitats
	18:48:43	Carreguem intensitats
	18:48:43	Omplint taula entrenaments
	18:48:43	Obrint formulari entrenaments
	18:49:55	Programa iniciat
	18:49:55	Conexio base de dades
	18:49:56	Formulari de validació iniciat
	18:49:56	Obrint formulari Validacio
	18:50:04	Intent de validació de l'usuari: Pau
	18:50:05	Carreguem tipus esport
	18:50:05	Carreguem tipus esport
	18:50:05	Carreguem tipus esport
	18:50:05	Carreguem tipus esport
	18:50:05	Carreguem tipus esport
	18:50:05	Carreguem intensitats
	18:50:05	Carreguem intensitats
	18:50:05	Carreguem intensitats
	18:50:05	Omplint taula entrenaments
	18:50:08	Carreguem tipus esport
	18:50:08	Carreguem tipus esport
	18:50:08	Carreguem tipus esport
	18:50:08	Carreguem tipus esport
	18:50:08	Carreguem tipus esport
	18:50:08	Carreguem intensitats
	18:50:08	Carreguem intensitats
	18:50:08	Carreguem intensitats
	18:50:08	Omplint taula entrenaments
	18:50:08	Obrint formulari entrenaments
	18:50:43	Programa iniciat
	18:50:43	Conexio base de dades
	18:50:43	Formulari de validació iniciat
	18:50:43	Obrint formulari Validacio
	18:50:50	Intent de validació de l'usuari: Pau
	18:50:52	Carreguem tipus esport
	18:50:52	Carreguem tipus esport
	18:50:52	Carreguem tipus esport
	18:50:52	Carreguem tipus esport
	18:50:52	Carreguem tipus esport
	18:50:52	Carreguem intensitats
	18:50:52	Carreguem intensitats
	18:50:52	Carreguem intensitats
	18:50:52	Omplint taula entrenaments
	18:50:58	Carreguem tipus esport
	18:50:58	Carreguem tipus esport
	18:50:58	Carreguem tipus esport
	18:50:58	Carreguem tipus esport
	18:50:58	Carreguem tipus esport
	18:50:58	Carreguem intensitats
	18:50:58	Carreguem intensitats
	18:50:58	Carreguem intensitats
	18:50:58	Omplint taula entrenaments
	18:50:58	Obrint formulari entrenaments
	18:56:05	Programa iniciat
	18:56:05	Conexio base de dades
	18:56:05	Formulari de validació iniciat
	18:56:05	Obrint formulari Validacio
	18:56:15	Intent de validació de l'usuari: Pep
	18:56:16	Camps desactivats
	18:56:26	Camps activats
	18:56:43	Camps desactivats
	18:56:43	Comentari afegit
	18:59:26	Programa iniciat
	18:59:26	Conexio base de dades
	18:59:27	Formulari de validació iniciat
	18:59:27	Obrint formulari Validacio
	18:59:36	Intent de validació de l'usuari: Carles
	18:59:37	Taula entrenaments carregada
	18:59:46	Secció: Estadístiques
	18:59:46	Taula estadístiques carregada
	18:59:51	Secció: Entrenaments
	18:59:51	Taula entrenaments carregada
	18:59:53	Secció: Registres
	18:59:53	Taula logs carregada
	19:00:05	Cercant logs: 20260527
	19:00:05	Taula logs carregada
	19:00:12	Obert formulari usuaris
	19:00:28	Carreguem tipus esport
	19:00:28	Carreguem tipus esport
	19:00:28	Carreguem tipus esport
	19:00:28	Carreguem tipus esport
	19:00:28	Carreguem tipus esport
	19:00:28	Carreguem intensitats
	19:00:28	Carreguem intensitats
	19:00:28	Carreguem intensitats
	19:00:28	Omplint taula entrenaments
	19:00:28	Obert formulari entrenaments
