	09:33:02	Programa iniciat
	09:33:02	Conexio base de dades
	09:33:03	Obrint formulari Validacio
	09:33:15	Validacio usuari adimin
	09:33:15	Obrin formulari rol admin
	09:33:17	Ompim taula Usuaris
	09:33:17	Obrin formulari usuaris
	09:34:25	Programa iniciat
	09:34:25	Conexio base de dades
	09:34:26	Obrint formulari Validacio
	09:34:37	Validacio usuari adimin
	09:34:37	Obrin formulari rol admin
	09:34:39	Ompim taula Usuaris
	09:34:39	Obrin formulari usuaris
	09:35:01	Usuari modificat
	09:35:01	Ompim taula Usuaris
	09:35:01	Taula actualitzada
	09:35:01	Camps buidats
	09:37:06	Programa iniciat
	09:37:07	Conexio base de dades
	09:37:07	Obrint formulari Validacio
	09:37:22	Validacio usuari adimin
	09:37:22	Obrin formulari rol admin
	09:37:24	Ompim taula Usuaris
	09:37:24	Obrin formulari usuaris
	09:37:29	Usuari modificat
	09:37:29	Ompim taula Usuaris
	09:37:29	Taula actualitzada
	09:37:29	Camps buidats
	09:37:42	Usuari modificat
	09:37:42	Ompim taula Usuaris
	09:37:42	Taula actualitzada
	09:37:42	Camps buidats
	09:38:10	Usuari nou afegit
	09:38:10	Ompim taula Usuaris
	09:38:10	Taula actualitzada
	09:38:10	Camps buidats
	11:22:12	Programa iniciat
	11:22:12	Conexio base de dades
	11:22:13	Obrint formulari Validacio
	11:22:21	Validacio usuari esportista
	11:22:21	Omplint taula entrenaments
	11:22:21	Carreguem id tipus esport
	11:22:21	Carreguem id tipus esport
	11:22:21	Carreguem id tipus esport
	11:22:21	Carreguem id tipus esport
	11:22:21	Carreguem id tipus esport
	11:22:21	Carraguem Intensitats
	11:22:21	Carraguem Intensitats
	11:22:21	Carraguem Intensitats
	11:22:21	Obrin formulari rol esportista
	11:22:28	Omplint taula entrenaments
	11:22:30	Omplint taula entrenaments
	11:22:30	filtratge cancelat
	11:22:35	Omplint taula entrenaments
	11:22:37	Omplint taula entrenaments
	11:22:37	filtratge cancelat
	11:22:40	Omplint taula entrenaments
	11:22:41	Omplint taula entrenaments
	11:22:41	filtratge cancelat
	11:22:46	Omplint taula entrenaments
	11:22:48	Omplint taula entrenaments
	11:22:48	filtratge cancelat
	11:23:00	Omplint taula entrenaments
	11:23:29	Omplint taula entrenaments
	11:23:32	Omplint taula entrenaments
	11:23:32	filtratge cancelat
	11:23:46	Omplint taula entrenaments
	11:23:48	Omplint taula entrenaments
	11:23:48	filtratge cancelat
	11:23:55	Omplim la taula d'entrenaments
	11:23:55	Agafem el Id del tipus d'esport seleccionat
	11:23:55	Carraguem els id del tipus d'esport al combo box
	11:23:55	Carraguem els id del tipus d'esport al combo box
	11:23:55	Carraguem els id del tipus d'esport al combo box
	11:23:55	Carraguem els id del tipus d'esport al combo box
	11:23:55	Carraguem els id del tipus d'esport al combo box
	11:23:55	carreguem les intensitats al combo box
	11:23:55	carreguem les intensitats al combo box
	11:23:55	carreguem les intensitats al combo box
	11:23:55	Obrin formulari entrenaments
	11:29:43	Programa iniciat
	11:29:44	Conexio base de dades
	11:29:44	Obrint formulari Validacio
	11:29:54	Validacio usuari esportista
	11:29:54	Omplint taula entrenaments
	11:29:54	Carreguem id tipus esport
	11:29:54	Carreguem id tipus esport
	11:29:54	Carreguem id tipus esport
	11:29:54	Carreguem id tipus esport
	11:29:54	Carreguem id tipus esport
	11:29:54	Carraguem Intensitats
	11:29:54	Carraguem Intensitats
	11:29:54	Carraguem Intensitats
	11:29:54	Obrin formulari rol esportista
	11:29:58	Omplim la taula d'entrenaments
	11:29:58	Carraguem els id del tipus d'esport al combo box
	11:29:58	Carraguem els id del tipus d'esport al combo box
	11:29:58	Carraguem els id del tipus d'esport al combo box
	11:29:58	Carraguem els id del tipus d'esport al combo box
	11:29:58	Carraguem els id del tipus d'esport al combo box
	11:29:58	carreguem les intensitats al combo box
	11:29:58	carreguem les intensitats al combo box
	11:29:58	carreguem les intensitats al combo box
	11:29:58	Obrin formulari entrenaments
	15:19:55	Programa iniciat
	15:19:56	Conexio base de dades
	15:19:56	Obrint formulari Validacio
	15:20:15	Validacio usuari adimin
	15:20:15	Obrin formulari rol admin
	15:20:18	Omplim la taula d'entrenaments
	15:20:18	Carraguem els id del tipus d'esport al combo box
	15:20:18	Carraguem els id del tipus d'esport al combo box
	15:20:18	Carraguem els id del tipus d'esport al combo box
	15:20:18	Carraguem els id del tipus d'esport al combo box
	15:20:18	Carraguem els id del tipus d'esport al combo box
	15:20:18	carreguem les intensitats al combo box
	15:20:18	carreguem les intensitats al combo box
	15:20:18	carreguem les intensitats al combo box
	15:20:18	Obrin formulari entrenaments
	15:28:28	Programa iniciat
	15:28:29	Conexio base de dades
	15:28:29	Obrint formulari Validacio
	15:28:40	Validacio usuari esportista
	15:28:40	Omplint taula entrenaments
	15:28:40	Carreguem id tipus esport
	15:28:40	Carreguem id tipus esport
	15:28:40	Carreguem id tipus esport
	15:28:40	Carreguem id tipus esport
	15:28:40	Carreguem id tipus esport
	15:28:40	Carraguem Intensitats
	15:28:40	Carraguem Intensitats
	15:28:40	Carraguem Intensitats
	15:28:40	Obrin formulari rol esportista
	15:28:42	Omplim la taula d'entrenaments
	15:28:42	Carraguem els id del tipus d'esport al combo box
	15:28:42	Carraguem els id del tipus d'esport al combo box
	15:28:42	Carraguem els id del tipus d'esport al combo box
	15:28:42	Carraguem els id del tipus d'esport al combo box
	15:28:42	Carraguem els id del tipus d'esport al combo box
	15:28:42	carreguem les intensitats al combo box
	15:28:42	carreguem les intensitats al combo box
	15:28:42	carreguem les intensitats al combo box
	15:28:42	Obrin formulari entrenaments
	15:33:18	Programa iniciat
	15:33:19	Conexio base de dades
	15:33:19	Obrint formulari Validacio
	15:33:55	Validacio usuari esportista
	15:33:55	Omplint taula entrenaments
	15:33:55	Carreguem id tipus esport
	15:33:55	Carreguem id tipus esport
	15:33:55	Carreguem id tipus esport
	15:33:55	Carreguem id tipus esport
	15:33:55	Carreguem id tipus esport
	15:33:56	Carraguem Intensitats
	15:33:56	Carraguem Intensitats
	15:33:56	Carraguem Intensitats
	15:33:56	Obrin formulari rol esportista
	15:34:18	Omplim la taula d'entrenaments
	15:34:18	Carraguem els id del tipus d'esport al combo box
	15:34:18	Carraguem els id del tipus d'esport al combo box
	15:34:18	Carraguem els id del tipus d'esport al combo box
	15:34:18	Carraguem els id del tipus d'esport al combo box
	15:34:18	Carraguem els id del tipus d'esport al combo box
	15:34:18	carreguem les intensitats al combo box
	15:34:18	carreguem les intensitats al combo box
	15:34:18	carreguem les intensitats al combo box
	15:34:18	Obrin formulari entrenaments
	15:42:13	Programa iniciat
	15:42:13	Conexio base de dades
	15:42:14	Obrint formulari Validacio
	15:42:25	Validacio usuari esportista
	15:42:25	Omplint taula entrenaments
	15:42:25	Carreguem id tipus esport
	15:42:25	Carreguem id tipus esport
	15:42:25	Carreguem id tipus esport
	15:42:25	Carreguem id tipus esport
	15:42:25	Carreguem id tipus esport
	15:42:25	Carraguem Intensitats
	15:42:25	Carraguem Intensitats
	15:42:25	Carraguem Intensitats
	15:42:25	Obrin formulari rol esportista
	15:42:30	Omplim la taula d'entrenaments
	15:42:30	Carraguem els id del tipus d'esport al combo box
	15:42:30	Carraguem els id del tipus d'esport al combo box
	15:42:30	Carraguem els id del tipus d'esport al combo box
	15:42:30	Carraguem els id del tipus d'esport al combo box
	15:42:30	Carraguem els id del tipus d'esport al combo box
	15:42:30	carreguem les intensitats al combo box
	15:42:30	carreguem les intensitats al combo box
	15:42:30	carreguem les intensitats al combo box
	15:42:30	Obrin formulari entrenaments
	15:42:43	Entrenament modificat
	15:49:27	Programa iniciat
	15:49:28	Conexio base de dades
	15:49:28	Obrint formulari Validacio
	15:49:39	Validacio usuari esportista
	15:49:39	Omplint taula entrenaments
	15:49:39	Carreguem id tipus esport
	15:49:39	Carreguem id tipus esport
	15:49:39	Carreguem id tipus esport
	15:49:39	Carreguem id tipus esport
	15:49:39	Carreguem id tipus esport
	15:49:39	Carraguem Intensitats
	15:49:39	Carraguem Intensitats
	15:49:39	Carraguem Intensitats
	15:49:39	Obrin formulari rol esportista
	15:49:42	Omplim la taula d'entrenaments
	15:49:42	Carraguem els id del tipus d'esport al combo box
	15:49:42	Carraguem els id del tipus d'esport al combo box
	15:49:42	Carraguem els id del tipus d'esport al combo box
	15:49:42	Carraguem els id del tipus d'esport al combo box
	15:49:42	Carraguem els id del tipus d'esport al combo box
	15:49:42	carreguem les intensitats al combo box
	15:49:42	carreguem les intensitats al combo box
	15:49:42	carreguem les intensitats al combo box
	15:49:42	Obrin formulari entrenaments
	15:50:07	Entrenament modificat
	15:50:07	Agafem el Id del tipus d'esport seleccionat
	15:50:07	Camps buidats
	15:50:07	Omplim la taula d'entrenaments
	15:50:07	Taula actualitzada
	15:50:40	Entrenament modificat
	15:50:40	Agafem el Id del tipus d'esport seleccionat
	15:50:40	Camps buidats
	15:50:40	Omplim la taula d'entrenaments
	15:50:40	Taula actualitzada
	15:52:16	Programa iniciat
	15:52:16	Conexio base de dades
	15:52:17	Obrint formulari Validacio
	15:52:27	Validacio usuari esportista
	15:52:27	Omplint taula entrenaments
	15:52:27	Carreguem id tipus esport
	15:52:27	Carreguem id tipus esport
	15:52:27	Carreguem id tipus esport
	15:52:27	Carreguem id tipus esport
	15:52:27	Carreguem id tipus esport
	15:52:27	Carraguem Intensitats
	15:52:27	Carraguem Intensitats
	15:52:27	Carraguem Intensitats
	15:52:27	Obrin formulari rol esportista
	15:52:29	Omplim la taula d'entrenaments
	15:52:29	Carraguem els id del tipus d'esport al combo box
	15:52:29	Carraguem els id del tipus d'esport al combo box
	15:52:29	Carraguem els id del tipus d'esport al combo box
	15:52:29	Carraguem els id del tipus d'esport al combo box
	15:52:29	Carraguem els id del tipus d'esport al combo box
	15:52:29	carreguem les intensitats al combo box
	15:52:29	carreguem les intensitats al combo box
	15:52:29	carreguem les intensitats al combo box
	15:52:29	Obrin formulari entrenaments
	15:52:43	Entrenament modificat
	15:52:43	Agafem el Id del tipus d'esport seleccionat
	15:52:43	Camps buidats
	15:52:43	Omplim la taula d'entrenaments
	15:52:43	Taula actualitzada
	15:52:57	Entrenament modificat
	15:52:57	Agafem el Id del tipus d'esport seleccionat
	15:52:57	Camps buidats
	15:52:57	Omplim la taula d'entrenaments
	15:52:57	Taula actualitzada
	15:53:51	Programa iniciat
	15:53:51	Conexio base de dades
	15:53:52	Obrint formulari Validacio
	15:53:59	Validacio usuari esportista
	15:54:00	Omplint taula entrenaments
	15:54:00	Carreguem id tipus esport
	15:54:00	Carreguem id tipus esport
	15:54:00	Carreguem id tipus esport
	15:54:00	Carreguem id tipus esport
	15:54:00	Carreguem id tipus esport
	15:54:00	Carraguem Intensitats
	15:54:00	Carraguem Intensitats
	15:54:00	Carraguem Intensitats
	15:54:00	Obrin formulari rol esportista
	15:54:03	Omplim la taula d'entrenaments
	15:54:03	Carraguem els id del tipus d'esport al combo box
	15:54:03	Carraguem els id del tipus d'esport al combo box
	15:54:03	Carraguem els id del tipus d'esport al combo box
	15:54:03	Carraguem els id del tipus d'esport al combo box
	15:54:03	Carraguem els id del tipus d'esport al combo box
	15:54:03	carreguem les intensitats al combo box
	15:54:03	carreguem les intensitats al combo box
	15:54:03	carreguem les intensitats al combo box
	15:54:03	Obrin formulari entrenaments
	15:54:16	Entrenament modificat
	15:54:16	Agafem el Id del tipus d'esport seleccionat
	15:54:16	Camps buidats
	15:54:16	Omplim la taula d'entrenaments
	15:54:16	Taula actualitzada
	15:54:27	Entrenament modificat
	15:54:27	Agafem el Id del tipus d'esport seleccionat
	15:54:27	Camps buidats
	15:54:27	Omplim la taula d'entrenaments
	15:54:27	Taula actualitzada
	15:55:45	Programa iniciat
	15:55:46	Conexio base de dades
	15:55:46	Obrint formulari Validacio
	15:55:58	Validacio usuari esportista
	15:55:58	Omplint taula entrenaments
	15:55:58	Carreguem id tipus esport
	15:55:58	Carreguem id tipus esport
	15:55:58	Carreguem id tipus esport
	15:55:58	Carreguem id tipus esport
	15:55:58	Carreguem id tipus esport
	15:55:58	Carraguem Intensitats
	15:55:58	Carraguem Intensitats
	15:55:58	Carraguem Intensitats
	15:55:58	Obrin formulari rol esportista
	15:56:03	Omplim la taula d'entrenaments
	15:56:03	Carraguem els id del tipus d'esport al combo box
	15:56:03	Carraguem els id del tipus d'esport al combo box
	15:56:03	Carraguem els id del tipus d'esport al combo box
	15:56:03	Carraguem els id del tipus d'esport al combo box
	15:56:03	Carraguem els id del tipus d'esport al combo box
	15:56:03	carreguem les intensitats al combo box
	15:56:03	carreguem les intensitats al combo box
	15:56:03	carreguem les intensitats al combo box
	15:56:03	Obrin formulari entrenaments
	15:56:18	Entrenament modificat
	15:56:18	Agafem el Id del tipus d'esport seleccionat
	15:56:18	Camps buidats
	15:56:18	Omplim la taula d'entrenaments
	15:56:18	Taula actualitzada
	15:56:37	Entrenament modificat
	15:56:37	Agafem el Id del tipus d'esport seleccionat
	15:56:37	Camps buidats
	15:56:37	Omplim la taula d'entrenaments
	15:56:37	Taula actualitzada
	15:57:52	Programa iniciat
	15:57:53	Conexio base de dades
	15:57:53	Obrint formulari Validacio
	15:58:06	Validacio usuari esportista
	15:58:07	Omplint taula entrenaments
	15:58:07	Carreguem id tipus esport
	15:58:07	Carreguem id tipus esport
	15:58:07	Carreguem id tipus esport
	15:58:07	Carreguem id tipus esport
	15:58:07	Carreguem id tipus esport
	15:58:07	Carraguem Intensitats
	15:58:07	Carraguem Intensitats
	15:58:07	Carraguem Intensitats
	15:58:07	Obrin formulari rol esportista
	15:58:08	Omplim la taula d'entrenaments
	15:58:08	Carraguem els id del tipus d'esport al combo box
	15:58:08	Carraguem els id del tipus d'esport al combo box
	15:58:08	Carraguem els id del tipus d'esport al combo box
	15:58:08	Carraguem els id del tipus d'esport al combo box
	15:58:08	Carraguem els id del tipus d'esport al combo box
	15:58:08	carreguem les intensitats al combo box
	15:58:08	carreguem les intensitats al combo box
	15:58:08	carreguem les intensitats al combo box
	15:58:08	Obrin formulari entrenaments
	15:58:22	Entrenament modificat
	15:58:22	Agafem el Id del tipus d'esport seleccionat
	15:58:22	Camps buidats
	15:58:22	Omplim la taula d'entrenaments
	15:58:22	Taula actualitzada
	15:58:36	Entrenament modificat
	15:58:36	Agafem el Id del tipus d'esport seleccionat
	15:58:36	Camps buidats
	15:58:36	Omplim la taula d'entrenaments
	15:58:36	Taula actualitzada
	15:59:44	Programa iniciat
	15:59:44	Conexio base de dades
	15:59:45	Obrint formulari Validacio
	15:59:56	Validacio usuari esportista
	15:59:56	Omplint taula entrenaments
	15:59:56	Carreguem id tipus esport
	15:59:56	Carreguem id tipus esport
	15:59:56	Carreguem id tipus esport
	15:59:56	Carreguem id tipus esport
	15:59:56	Carreguem id tipus esport
	15:59:56	Carraguem Intensitats
	15:59:56	Carraguem Intensitats
	15:59:56	Carraguem Intensitats
	15:59:56	Obrin formulari rol esportista
	15:59:58	Omplim la taula d'entrenaments
	15:59:58	Carraguem els id del tipus d'esport al combo box
	15:59:58	Carraguem els id del tipus d'esport al combo box
	15:59:58	Carraguem els id del tipus d'esport al combo box
	15:59:58	Carraguem els id del tipus d'esport al combo box
	15:59:58	Carraguem els id del tipus d'esport al combo box
	15:59:58	carreguem les intensitats al combo box
	15:59:58	carreguem les intensitats al combo box
	15:59:58	carreguem les intensitats al combo box
	15:59:58	Obrin formulari entrenaments
	16:00:11	Entrenament modificat
	16:00:11	Agafem el Id del tipus d'esport seleccionat
	16:00:11	Camps buidats
	16:00:11	Omplim la taula d'entrenaments
	16:00:11	Taula actualitzada
	16:00:24	Entrenament modificat
	16:00:24	Agafem el Id del tipus d'esport seleccionat
	16:00:24	Camps buidats
	16:00:24	Omplim la taula d'entrenaments
	16:00:24	Taula actualitzada
	16:01:18	Programa iniciat
	16:01:18	Conexio base de dades
	16:01:19	Obrint formulari Validacio
	16:01:29	Validacio usuari esportista
	16:01:29	Omplint taula entrenaments
	16:01:29	Carreguem id tipus esport
	16:01:29	Carreguem id tipus esport
	16:01:29	Carreguem id tipus esport
	16:01:29	Carreguem id tipus esport
	16:01:29	Carreguem id tipus esport
	16:01:29	Carraguem Intensitats
	16:01:29	Carraguem Intensitats
	16:01:29	Carraguem Intensitats
	16:01:29	Obrin formulari rol esportista
	16:01:31	Omplim la taula d'entrenaments
	16:01:31	Carraguem els id del tipus d'esport al combo box
	16:01:31	Carraguem els id del tipus d'esport al combo box
	16:01:31	Carraguem els id del tipus d'esport al combo box
	16:01:31	Carraguem els id del tipus d'esport al combo box
	16:01:31	Carraguem els id del tipus d'esport al combo box
	16:01:31	carreguem les intensitats al combo box
	16:01:31	carreguem les intensitats al combo box
	16:01:31	carreguem les intensitats al combo box
	16:01:31	Obrin formulari entrenaments
	16:01:42	Entrenament modificat
	16:01:42	Agafem el Id del tipus d'esport seleccionat
	16:01:42	Camps buidats
	16:01:42	Omplim la taula d'entrenaments
	16:01:42	Taula actualitzada
	16:01:47	Entrenament modificat
	16:01:47	Agafem el Id del tipus d'esport seleccionat
	16:01:47	Camps buidats
	16:01:47	Omplim la taula d'entrenaments
	16:01:47	Taula actualitzada
	16:02:11	Entrenament eliminat
	16:02:11	Camps buidats
	16:02:11	Omplim la taula d'entrenaments
	16:02:11	Taula actualitzada
	16:02:42	Agafem el Id del tipus d'esport seleccionat
	16:02:53	Entrenament afegit
	16:02:53	Agafem el Id del tipus d'esport seleccionat
	16:02:53	Camps buidats
	16:02:53	Omplim la taula d'entrenaments
	16:02:53	Taula actualitzatda
	16:03:34	Programa iniciat
	16:03:35	Conexio base de dades
	16:03:35	Obrint formulari Validacio
	16:04:27	Programa iniciat
	16:04:27	Conexio base de dades
	16:04:28	Obrint formulari Validacio
	16:04:54	Validacio usuari entrenador
	16:04:55	Obrin formulari rol entrenador
	16:09:22	Programa iniciat
	16:09:22	Conexio base de dades
	16:09:23	Obrint formulari Validacio
	16:09:33	Validacio usuari entrenador
	16:09:34	Obrin formulari rol entrenador
	17:01:24	Programa iniciat
	17:01:25	Conexio base de dades
	17:01:25	Obrint formulari Validacio
	17:01:38	Validacio usuari entrenador
	17:01:39	Omplint taula entrenaments
	17:01:39	Obrin formulari rol entrenador
	17:03:26	Programa iniciat
	17:03:26	Conexio base de dades
	17:03:27	Obrint formulari Validacio
	17:03:56	Programa iniciat
	17:03:56	Conexio base de dades
	17:03:56	Obrint formulari Validacio
	17:04:12	Validacio usuari entrenador
	17:04:12	Omplint taula entrenaments
	17:04:12	Obrin formulari rol entrenador
	17:04:35	Programa iniciat
	17:04:36	Conexio base de dades
	17:04:37	Obrint formulari Validacio
	17:04:48	Validacio usuari entrenador
	17:04:49	Omplint taula entrenaments
	17:04:49	Obrin formulari rol entrenador
	17:09:10	Programa iniciat
	17:09:10	Conexio base de dades
	17:09:11	Obrint formulari Validacio
	17:09:23	Validacio usuari entrenador
	17:09:23	Omplint taula entrenaments
	17:09:24	Obrin formulari rol entrenador
	17:31:06	Programa iniciat
	17:31:07	Conexio base de dades
	17:31:07	Obrint formulari Validacio
	17:34:59	Programa iniciat
	17:35:00	Conexio base de dades
	17:35:00	Obrint formulari Validacio
	17:35:10	Validacio usuari entrenador
	17:35:10	Omplint taula entrenaments
	17:35:10	Obrin formulari rol entrenador
	17:36:35	Programa iniciat
	17:36:36	Conexio base de dades
	17:36:36	Obrint formulari Validacio
	17:36:44	Validacio usuari entrenador
	17:36:44	Omplint taula entrenaments
	17:36:44	Obrin formulari rol entrenador
	17:39:00	Programa iniciat
	17:39:01	Conexio base de dades
	17:39:01	Obrint formulari Validacio
	17:39:11	Validacio usuari entrenador
	17:39:11	Omplint taula entrenaments
	17:39:11	Obrin formulari rol entrenador
	17:42:31	Programa iniciat
	17:42:32	Conexio base de dades
	17:42:32	Obrint formulari Validacio
	17:42:41	Validacio usuari entrenador
	17:42:41	Omplint taula entrenaments
	17:42:41	Obrin formulari rol entrenador
