	09:05:29	Programa iniciat
	09:05:39	Validacio usuari entrenador
	09:05:39	Obrin formulari rol entrenador
	09:06:10	Programa iniciat
	09:06:19	Validacio usuari entrenador
	09:06:19	Obrin formulari rol entrenador
	09:12:19	Programa iniciat
	09:12:28	Validacio usuari entrenador
	09:12:28	Obrin formulari rol entrenador
	09:45:07	Programa iniciat
	09:45:18	Validacio usuari entrenador
	09:49:22	Programa iniciat
	09:49:31	Validacio usuari entrenador
	09:49:31	Obrin formulari rol entrenador
	09:55:30	Programa iniciat
	09:55:42	Validacio usuari adimin
	09:55:42	Obrin formulari rol admin
	09:55:52	Obrin formulari usuaris
	10:01:35	Programa iniciat
	10:01:48	Validacio usuari adimin
	10:01:48	Obrin formulari rol admin
	10:01:50	Obrin formulari usuaris
	10:06:38	Programa iniciat
	10:06:50	Validacio usuari entrenador
	10:06:50	Obrin formulari rol entrenador
	10:06:57	Programa iniciat
	10:07:07	Validacio usuari adimin
	10:07:07	Obrin formulari rol admin
	10:07:09	Obrin formulari usuaris
	10:10:49	Programa iniciat
	10:10:59	Validacio usuari adimin
	10:10:59	Obrin formulari rol admin
	10:11:01	Obrin formulari usuaris
	10:11:28	Programa iniciat
	10:11:40	Validacio usuari adimin
	10:11:40	Obrin formulari rol admin
	10:11:44	Obrin formulari usuaris
	10:14:31	Programa iniciat
	10:14:43	Validacio usuari adimin
	10:14:43	Obrin formulari rol admin
	10:14:45	Obrin formulari usuaris
