	09:41:38	Programa iniciat
	09:41:47	Validacio usuari entrenador
	09:41:48	Obrin formulari rol entrenador
	09:42:37	Programa iniciat
	09:42:45	Validacio usuari entrenador
	09:42:45	Obrin formulari rol entrenador
	09:44:16	Programa iniciat
	09:44:24	Validacio usuari entrenador
	09:44:24	Obrin formulari rol entrenador
	09:44:43	Validacio usuari entrenador
	09:44:43	Obrin formulari rol entrenador
	09:45:13	Programa iniciat
	09:45:28	Validacio usuari entrenador
	09:45:28	Obrin formulari rol entrenador
	09:47:16	Programa iniciat
	09:47:26	Validacio usuari entrenador
	09:47:26	Obrin formulari rol entrenador
	09:48:29	Programa iniciat
	09:48:37	Validacio usuari entrenador
	09:48:37	Obrin formulari rol entrenador
	09:57:04	Programa iniciat
	09:57:17	Validacio usuari entrenador
	09:57:17	Obrin formulari rol entrenador
	10:48:05	Programa iniciat
	10:48:16	Validacio usuari adimin
	10:48:16	Obrin formulari rol admin
